// Jest Snapshot v1, https://goo.gl/fbAQLP

exports[`<Main /> should render the heading 1`] = `
<main
  class="sc-bdnyFh kFtGJI"
>
  <h1>
    Testando o jest
  </h1>
</main>
`;
